// Vitest Snapshot v1, https://vitest.dev/guide/snapshot.html

exports[`render test > render map 1`] = `
[
  [
    "",
    "",
    "🪨",
    "🪨",
    "🪨",
    "",
    "",
    "",
  ],
  [
    "",
    "",
    "🪨",
    "🎯",
    "🪨",
    "",
    "",
    "",
  ],
  [
    "",
    "",
    "🪨",
    "",
    "🪨",
    "🪨",
    "🪨",
    "🪨",
  ],
  [
    "🪨",
    "🪨",
    "🪨",
    "📦",
    "🚶‍♂️",
    "📦",
    "🎯",
    "🪨",
  ],
  [
    "🪨",
    "🎯",
    "",
    "📦",
    "",
    "🪨",
    "🪨",
    "🪨",
  ],
  [
    "🪨",
    "🪨",
    "🪨",
    "🪨",
    "📦",
    "🪨",
    "",
    "",
  ],
  [
    "",
    "",
    "",
    "🪨",
    "🎯",
    "🪨",
    "",
    "",
  ],
  [
    "",
    "",
    "",
    "🪨",
    "🪨",
    "🪨",
    "",
    "",
  ],
]
`;
